::1 - - [09/Jun/2026 04:01:29] "GET /webapp/index.html HTTP/1.1" 200 -
::1 - - [09/Jun/2026 04:01:51] "GET /webapp/ HTTP/1.1" 200 -
::1 - - [09/Jun/2026 04:01:51] "GET /webapp/home-bg.png HTTP/1.1" 200 -
::1 - - [09/Jun/2026 04:01:51] "GET /webapp/new-design.css?v=27 HTTP/1.1" 200 -
::1 - - [09/Jun/2026 04:01:51] "GET /webapp/page2-bg-new.png HTTP/1.1" 200 -
::1 - - [09/Jun/2026 04:01:51] "GET /webapp/%E4%BA%BA1.png HTTP/1.1" 200 -
::1 - - [09/Jun/2026 04:01:51] "GET /webapp/%E4%BA%BA2.png HTTP/1.1" 200 -
::1 - - [09/Jun/2026 04:01:51] "GET /webapp/chapters-design.css?v=6 HTTP/1.1" 200 -
::1 - - [09/Jun/2026 04:01:51] "GET /webapp/%E4%BA%BA3.png HTTP/1.1" 200 -
::1 - - [09/Jun/2026 04:01:51] "GET /webapp/levels-design.css?v=5 HTTP/1.1" 200 -
::1 - - [09/Jun/2026 04:01:51] "GET /webapp/poems-design.css?v=8 HTTP/1.1" 200 -
::1 - - [09/Jun/2026 04:01:51] "GET /webapp/songs-design.css?v=3 HTTP/1.1" 200 -
::1 - - [09/Jun/2026 04:01:51] "GET /webapp/cats-design.css?v=5 HTTP/1.1" 200 -
::1 - - [09/Jun/2026 04:01:51] "GET /webapp/intro-design.css?v=7 HTTP/1.1" 200 -
::1 - - [09/Jun/2026 04:01:51] "GET /webapp/learning-design.css?v=15 HTTP/1.1" 200 -
::1 - - [09/Jun/2026 04:01:51] "GET /webapp/quiz-design.css?v=1 HTTP/1.1" 200 -
::1 - - [09/Jun/2026 04:01:51] "GET /webapp/recognition-design.css?v=1 HTTP/1.1" 200 -
::1 - - [09/Jun/2026 04:01:51] "GET /webapp/story-design.css?v=1 HTTP/1.1" 200 -
::1 - - [09/Jun/2026 04:01:51] "GET /webapp/writing-design.css?v=1 HTTP/1.1" 200 -
::1 - - [09/Jun/2026 04:01:51] "GET /webapp/learning-design.css?v=2 HTTP/1.1" 200 -
::1 - - [09/Jun/2026 04:01:51] "GET /webapp/game-design.css?v=1 HTTP/1.1" 200 -
::1 - - [09/Jun/2026 04:01:51] "GET /webapp/%E4%BA%BA4.png HTTP/1.1" 200 -
::1 - - [09/Jun/2026 04:01:51] "GET /webapp/%E4%BA%BA5.png HTTP/1.1" 200 -
::1 - - [09/Jun/2026 04:01:51] "GET /webapp/app.js?v=20250331 HTTP/1.1" 200 -
::1 - - [09/Jun/2026 04:01:51] "GET /webapp/%E4%BA%BA6.png HTTP/1.1" 200 -
::1 - - [09/Jun/2026 04:01:51] "GET /webapp/%E4%BA%BA7.png HTTP/1.1" 200 -
::1 - - [09/Jun/2026 04:01:51] "GET /webapp/%E4%BA%BA8.png HTTP/1.1" 200 -
::1 - - [09/Jun/2026 04:01:51] "GET /webapp/%E4%BA%BA9.png HTTP/1.1" 200 -
::1 - - [09/Jun/2026 04:01:51] "GET /webapp/%E9%81%B8%E6%93%87%E7%A8%8B%E5%BA%A6%E7%8D%85%E5%AD%90.png HTTP/1.1" 200 -
::1 - - [09/Jun/2026 04:01:51] "GET /webapp/icon-courseware.png HTTP/1.1" 200 -
::1 - - [09/Jun/2026 04:01:51] "GET /webapp/icon-poems.png HTTP/1.1" 200 -
::1 - - [09/Jun/2026 04:01:51] "GET /webapp/icon-songs.png HTTP/1.1" 200 -
::1 - - [09/Jun/2026 04:01:51] "GET /webapp/%E8%AA%B2%E7%A8%8B%E4%BB%8B%E7%B4%B9%E9%A0%81%E6%8C%89%E9%88%95.png HTTP/1.1" 200 -
::1 - - [09/Jun/2026 04:01:51] "GET /webapp/lion-level.png HTTP/1.1" 200 -
::1 - - [09/Jun/2026 04:07:31] "GET /webapp/index.html HTTP/1.1" 200 -
::1 - - [09/Jun/2026 04:07:31] "GET /webapp/new-design.css?v=27 HTTP/1.1" 200 -
::1 - - [09/Jun/2026 04:07:31] "GET /webapp/home-bg.png HTTP/1.1" 200 -
::1 - - [09/Jun/2026 04:07:31] "GET /webapp/page2-bg-new.png HTTP/1.1" 200 -
::1 - - [09/Jun/2026 04:07:31] "GET /webapp/%E4%BA%BA1.png HTTP/1.1" 200 -
::1 - - [09/Jun/2026 04:07:31] "GET /webapp/%E4%BA%BA2.png HTTP/1.1" 200 -
::1 - - [09/Jun/2026 04:07:31] "GET /webapp/levels-design.css?v=5 HTTP/1.1" 200 -
::1 - - [09/Jun/2026 04:07:31] "GET /webapp/%E4%BA%BA3.png HTTP/1.1" 200 -
::1 - - [09/Jun/2026 04:07:31] "GET /webapp/poems-design.css?v=8 HTTP/1.1" 200 -
::1 - - [09/Jun/2026 04:07:31] "GET /webapp/songs-design.css?v=3 HTTP/1.1" 200 -
::1 - - [09/Jun/2026 04:07:31] "GET /webapp/cats-design.css?v=5 HTTP/1.1" 200 -
::1 - - [09/Jun/2026 04:07:31] "GET /webapp/chapters-design.css?v=6 HTTP/1.1" 200 -
::1 - - [09/Jun/2026 04:07:31] "GET /webapp/intro-design.css?v=7 HTTP/1.1" 200 -
::1 - - [09/Jun/2026 04:07:31] "GET /webapp/learning-design.css?v=15 HTTP/1.1" 200 -
::1 - - [09/Jun/2026 04:07:31] "GET /webapp/quiz-design.css?v=1 HTTP/1.1" 200 -
::1 - - [09/Jun/2026 04:07:31] "GET /webapp/recognition-design.css?v=1 HTTP/1.1" 200 -
::1 - - [09/Jun/2026 04:07:31] "GET /webapp/story-design.css?v=1 HTTP/1.1" 200 -
::1 - - [09/Jun/2026 04:07:31] "GET /webapp/game-design.css?v=1 HTTP/1.1" 200 -
::1 - - [09/Jun/2026 04:07:31] "GET /webapp/learning-design.css?v=2 HTTP/1.1" 200 -
::1 - - [09/Jun/2026 04:07:31] "GET /webapp/%E4%BA%BA4.png HTTP/1.1" 200 -
::1 - - [09/Jun/2026 04:07:31] "GET /webapp/writing-design.css?v=1 HTTP/1.1" 200 -
::1 - - [09/Jun/2026 04:07:31] "GET /webapp/%E4%BA%BA6.png HTTP/1.1" 200 -
::1 - - [09/Jun/2026 04:07:31] "GET /webapp/app.js?v=20250331 HTTP/1.1" 200 -
::1 - - [09/Jun/2026 04:07:31] "GET /webapp/%E4%BA%BA5.png HTTP/1.1" 200 -
::1 - - [09/Jun/2026 04:07:31] "GET /webapp/%E4%BA%BA7.png HTTP/1.1" 200 -
::1 - - [09/Jun/2026 04:07:31] "GET /webapp/%E4%BA%BA8.png HTTP/1.1" 200 -
::1 - - [09/Jun/2026 04:07:31] "GET /webapp/%E4%BA%BA9.png HTTP/1.1" 200 -
::1 - - [09/Jun/2026 04:07:31] "GET /webapp/%E9%81%B8%E6%93%87%E7%A8%8B%E5%BA%A6%E7%8D%85%E5%AD%90.png HTTP/1.1" 200 -
::1 - - [09/Jun/2026 04:07:31] "GET /webapp/icon-songs.png HTTP/1.1" 200 -
::1 - - [09/Jun/2026 04:07:31] "GET /webapp/icon-courseware.png HTTP/1.1" 200 -
::1 - - [09/Jun/2026 04:07:31] "GET /webapp/icon-poems.png HTTP/1.1" 200 -
::1 - - [09/Jun/2026 04:07:31] "GET /webapp/lion-level.png HTTP/1.1" 200 -
::1 - - [09/Jun/2026 04:07:31] "GET /webapp/%E8%AA%B2%E7%A8%8B%E4%BB%8B%E7%B4%B9%E9%A0%81%E6%8C%89%E9%88%95.png HTTP/1.1" 200 -
::1 - - [09/Jun/2026 04:07:44] "GET /webapp/index.html HTTP/1.1" 200 -
::1 - - [09/Jun/2026 04:07:44] "GET /webapp/new-design.css?v=27 HTTP/1.1" 200 -
::1 - - [09/Jun/2026 04:07:44] "GET /webapp/home-bg.png HTTP/1.1" 200 -
::1 - - [09/Jun/2026 04:07:44] "GET /webapp/page2-bg-new.png HTTP/1.1" 200 -
::1 - - [09/Jun/2026 04:07:44] "GET /webapp/%E4%BA%BA2.png HTTP/1.1" 200 -
::1 - - [09/Jun/2026 04:07:44] "GET /webapp/%E4%BA%BA3.png HTTP/1.1" 200 -
::1 - - [09/Jun/2026 04:07:44] "GET /webapp/%E4%BA%BA1.png HTTP/1.1" 200 -
::1 - - [09/Jun/2026 04:07:44] "GET /webapp/cats-design.css?v=5 HTTP/1.1" 200 -
::1 - - [09/Jun/2026 04:07:44] "GET /webapp/poems-design.css?v=8 HTTP/1.1" 200 -
::1 - - [09/Jun/2026 04:07:44] "GET /webapp/levels-design.css?v=5 HTTP/1.1" 200 -
::1 - - [09/Jun/2026 04:07:44] "GET /webapp/chapters-design.css?v=6 HTTP/1.1" 200 -
::1 - - [09/Jun/2026 04:07:44] "GET /webapp/songs-design.css?v=3 HTTP/1.1" 200 -
::1 - - [09/Jun/2026 04:07:44] "GET /webapp/intro-design.css?v=7 HTTP/1.1" 200 -
::1 - - [09/Jun/2026 04:07:44] "GET /webapp/learning-design.css?v=15 HTTP/1.1" 200 -
::1 - - [09/Jun/2026 04:07:44] "GET /webapp/quiz-design.css?v=1 HTTP/1.1" 200 -
::1 - - [09/Jun/2026 04:07:44] "GET /webapp/recognition-design.css?v=1 HTTP/1.1" 200 -
::1 - - [09/Jun/2026 04:07:44] "GET /webapp/writing-design.css?v=1 HTTP/1.1" 200 -
::1 - - [09/Jun/2026 04:07:44] "GET /webapp/app.js?v=20250331 HTTP/1.1" 200 -
::1 - - [09/Jun/2026 04:07:44] "GET /webapp/story-design.css?v=1 HTTP/1.1" 200 -
::1 - - [09/Jun/2026 04:07:44] "GET /webapp/learning-design.css?v=2 HTTP/1.1" 200 -
::1 - - [09/Jun/2026 04:07:44] "GET /webapp/game-design.css?v=1 HTTP/1.1" 200 -
::1 - - [09/Jun/2026 04:07:44] "GET /webapp/%E4%BA%BA4.png HTTP/1.1" 200 -
::1 - - [09/Jun/2026 04:07:44] "GET /webapp/%E4%BA%BA6.png HTTP/1.1" 200 -
::1 - - [09/Jun/2026 04:07:44] "GET /webapp/%E4%BA%BA5.png HTTP/1.1" 200 -
::1 - - [09/Jun/2026 04:07:44] "GET /webapp/%E4%BA%BA8.png HTTP/1.1" 200 -
::1 - - [09/Jun/2026 04:07:44] "GET /webapp/%E4%BA%BA7.png HTTP/1.1" 200 -
::1 - - [09/Jun/2026 04:07:44] "GET /webapp/%E4%BA%BA9.png HTTP/1.1" 200 -
::1 - - [09/Jun/2026 04:07:44] "GET /webapp/icon-poems.png HTTP/1.1" 200 -
::1 - - [09/Jun/2026 04:07:44] "GET /webapp/icon-courseware.png HTTP/1.1" 200 -
::1 - - [09/Jun/2026 04:07:44] "GET /webapp/%E9%81%B8%E6%93%87%E7%A8%8B%E5%BA%A6%E7%8D%85%E5%AD%90.png HTTP/1.1" 200 -
::1 - - [09/Jun/2026 04:07:44] "GET /webapp/icon-songs.png HTTP/1.1" 200 -
::1 - - [09/Jun/2026 04:07:44] "GET /webapp/lion-level.png HTTP/1.1" 200 -
::1 - - [09/Jun/2026 04:07:44] "GET /webapp/%E8%AA%B2%E7%A8%8B%E4%BB%8B%E7%B4%B9%E9%A0%81%E6%8C%89%E9%88%95.png HTTP/1.1" 200 -
::1 - - [09/Jun/2026 04:07:46] "GET /webapp/%E8%AA%B2%E7%A8%8B%E4%BB%8B%E7%B4%B9%E9%A0%81/real_mouth.png HTTP/1.1" 200 -
::1 - - [09/Jun/2026 04:07:46] "GET /webapp/%E8%AA%B2%E7%A8%8B%E4%BB%8B%E7%B4%B9%E9%A0%81/real_foot.png HTTP/1.1" 200 -
::1 - - [09/Jun/2026 04:07:46] "GET /webapp/%E8%AA%B2%E7%A8%8B%E4%BB%8B%E7%B4%B9%E9%A0%81/real_eye.png HTTP/1.1" 200 -
::1 - - [09/Jun/2026 04:07:46] "GET /webapp/%E8%AA%B2%E7%A8%8B%E4%BB%8B%E7%B4%B9%E9%A0%81/real_ear.png HTTP/1.1" 200 -
::1 - - [09/Jun/2026 04:07:46] "GET /webapp/%E8%AA%B2%E7%A8%8B%E4%BB%8B%E7%B4%B9%E9%A0%81/real_head.png HTTP/1.1" 200 -
::1 - - [09/Jun/2026 04:07:46] "GET /webapp/%E8%AA%B2%E7%A8%8B%E4%BB%8B%E7%B4%B9%E9%A0%81/real_nose.png HTTP/1.1" 200 -
::1 - - [09/Jun/2026 04:07:46] "GET /webapp/%E8%AA%B2%E7%A8%8B%E4%BB%8B%E7%B4%B9%E9%A0%81/real_hand.png HTTP/1.1" 200 -
::1 - - [09/Jun/2026 04:08:27] "GET /webapp/index.html HTTP/1.1" 200 -
::1 - - [09/Jun/2026 04:08:27] "GET /webapp/new-design.css?v=27 HTTP/1.1" 200 -
::1 - - [09/Jun/2026 04:08:27] "GET /webapp/home-bg.png HTTP/1.1" 200 -
::1 - - [09/Jun/2026 04:08:27] "GET /webapp/page2-bg-new.png HTTP/1.1" 200 -
::1 - - [09/Jun/2026 04:08:27] "GET /webapp/poems-design.css?v=8 HTTP/1.1" 200 -
::1 - - [09/Jun/2026 04:08:27] "GET /webapp/%E4%BA%BA3.png HTTP/1.1" 200 -
::1 - - [09/Jun/2026 04:08:27] "GET /webapp/%E4%BA%BA2.png HTTP/1.1" 200 -
::1 - - [09/Jun/2026 04:08:27] "GET /webapp/levels-design.css?v=5 HTTP/1.1" 200 -
::1 - - [09/Jun/2026 04:08:27] "GET /webapp/%E4%BA%BA1.png HTTP/1.1" 200 -
::1 - - [09/Jun/2026 04:08:27] "GET /webapp/cats-design.css?v=5 HTTP/1.1" 200 -
::1 - - [09/Jun/2026 04:08:27] "GET /webapp/songs-design.css?v=3 HTTP/1.1" 200 -
::1 - - [09/Jun/2026 04:08:27] "GET /webapp/chapters-design.css?v=6 HTTP/1.1" 200 -
::1 - - [09/Jun/2026 04:08:27] "GET /webapp/intro-design.css?v=7 HTTP/1.1" 200 -
::1 - - [09/Jun/2026 04:08:27] "GET /webapp/learning-design.css?v=15 HTTP/1.1" 200 -
::1 - - [09/Jun/2026 04:08:27] "GET /webapp/quiz-design.css?v=1 HTTP/1.1" 200 -
::1 - - [09/Jun/2026 04:08:27] "GET /webapp/recognition-design.css?v=1 HTTP/1.1" 200 -
::1 - - [09/Jun/2026 04:08:27] "GET /webapp/story-design.css?v=1 HTTP/1.1" 200 -
::1 - - [09/Jun/2026 04:08:27] "GET /webapp/writing-design.css?v=1 HTTP/1.1" 200 -
::1 - - [09/Jun/2026 04:08:27] "GET /webapp/game-design.css?v=1 HTTP/1.1" 200 -
::1 - - [09/Jun/2026 04:08:27] "GET /webapp/learning-design.css?v=2 HTTP/1.1" 200 -
::1 - - [09/Jun/2026 04:08:27] "GET /webapp/app.js?v=20250331 HTTP/1.1" 200 -
::1 - - [09/Jun/2026 04:08:27] "GET /webapp/%E4%BA%BA4.png HTTP/1.1" 200 -
::1 - - [09/Jun/2026 04:08:27] "GET /webapp/%E4%BA%BA5.png HTTP/1.1" 200 -
::1 - - [09/Jun/2026 04:08:27] "GET /webapp/%E4%BA%BA6.png HTTP/1.1" 200 -
::1 - - [09/Jun/2026 04:08:27] "GET /webapp/%E4%BA%BA7.png HTTP/1.1" 200 -
::1 - - [09/Jun/2026 04:08:27] "GET /webapp/%E4%BA%BA8.png HTTP/1.1" 200 -
::1 - - [09/Jun/2026 04:08:27] "GET /webapp/%E4%BA%BA9.png HTTP/1.1" 200 -
::1 - - [09/Jun/2026 04:08:27] "GET /webapp/%E9%81%B8%E6%93%87%E7%A8%8B%E5%BA%A6%E7%8D%85%E5%AD%90.png HTTP/1.1" 200 -
::1 - - [09/Jun/2026 04:08:27] "GET /webapp/icon-courseware.png HTTP/1.1" 200 -
::1 - - [09/Jun/2026 04:08:27] "GET /webapp/icon-poems.png HTTP/1.1" 200 -
::1 - - [09/Jun/2026 04:08:27] "GET /webapp/lion-level.png HTTP/1.1" 200 -
::1 - - [09/Jun/2026 04:08:27] "GET /webapp/icon-songs.png HTTP/1.1" 200 -
::1 - - [09/Jun/2026 04:08:27] "GET /webapp/%E8%AA%B2%E7%A8%8B%E4%BB%8B%E7%B4%B9%E9%A0%81%E6%8C%89%E9%88%95.png HTTP/1.1" 200 -
::1 - - [09/Jun/2026 04:08:29] "GET /webapp/%E8%AA%B2%E7%A8%8B%E4%BB%8B%E7%B4%B9%E9%A0%81/real_foot.png HTTP/1.1" 200 -
::1 - - [09/Jun/2026 04:08:29] "GET /webapp/%E8%AA%B2%E7%A8%8B%E4%BB%8B%E7%B4%B9%E9%A0%81/real_eye.png HTTP/1.1" 200 -
::1 - - [09/Jun/2026 04:08:29] "GET /webapp/%E8%AA%B2%E7%A8%8B%E4%BB%8B%E7%B4%B9%E9%A0%81/real_mouth.png HTTP/1.1" 200 -
::1 - - [09/Jun/2026 04:08:29] "GET /webapp/%E8%AA%B2%E7%A8%8B%E4%BB%8B%E7%B4%B9%E9%A0%81/real_head.png HTTP/1.1" 200 -
::1 - - [09/Jun/2026 04:08:29] "GET /webapp/%E8%AA%B2%E7%A8%8B%E4%BB%8B%E7%B4%B9%E9%A0%81/real_nose.png HTTP/1.1" 200 -
::1 - - [09/Jun/2026 04:08:29] "GET /webapp/%E8%AA%B2%E7%A8%8B%E4%BB%8B%E7%B4%B9%E9%A0%81/real_ear.png HTTP/1.1" 200 -
::1 - - [09/Jun/2026 04:08:29] "GET /webapp/%E8%AA%B2%E7%A8%8B%E4%BB%8B%E7%B4%B9%E9%A0%81/real_hand.png HTTP/1.1" 200 -
::1 - - [09/Jun/2026 04:08:59] "GET /webapp/index.html HTTP/1.1" 200 -
::1 - - [09/Jun/2026 04:08:59] "GET /webapp/new-design.css?v=27 HTTP/1.1" 200 -
::1 - - [09/Jun/2026 04:08:59] "GET /webapp/home-bg.png HTTP/1.1" 200 -
::1 - - [09/Jun/2026 04:08:59] "GET /webapp/page2-bg-new.png HTTP/1.1" 200 -
::1 - - [09/Jun/2026 04:08:59] "GET /webapp/levels-design.css?v=5 HTTP/1.1" 200 -
::1 - - [09/Jun/2026 04:08:59] "GET /webapp/%E4%BA%BA2.png HTTP/1.1" 200 -
::1 - - [09/Jun/2026 04:08:59] "GET /webapp/%E4%BA%BA1.png HTTP/1.1" 200 -
::1 - - [09/Jun/2026 04:08:59] "GET /webapp/cats-design.css?v=5 HTTP/1.1" 200 -
::1 - - [09/Jun/2026 04:08:59] "GET /webapp/%E4%BA%BA3.png HTTP/1.1" 200 -
::1 - - [09/Jun/2026 04:08:59] "GET /webapp/songs-design.css?v=3 HTTP/1.1" 200 -
::1 - - [09/Jun/2026 04:08:59] "GET /webapp/poems-design.css?v=8 HTTP/1.1" 200 -
::1 - - [09/Jun/2026 04:08:59] "GET /webapp/chapters-design.css?v=6 HTTP/1.1" 200 -
::1 - - [09/Jun/2026 04:08:59] "GET /webapp/intro-design.css?v=7 HTTP/1.1" 200 -
::1 - - [09/Jun/2026 04:08:59] "GET /webapp/learning-design.css?v=15 HTTP/1.1" 200 -
::1 - - [09/Jun/2026 04:08:59] "GET /webapp/quiz-design.css?v=1 HTTP/1.1" 200 -
::1 - - [09/Jun/2026 04:08:59] "GET /webapp/writing-design.css?v=1 HTTP/1.1" 200 -
::1 - - [09/Jun/2026 04:08:59] "GET /webapp/recognition-design.css?v=1 HTTP/1.1" 200 -
::1 - - [09/Jun/2026 04:08:59] "GET /webapp/story-design.css?v=1 HTTP/1.1" 200 -
::1 - - [09/Jun/2026 04:08:59] "GET /webapp/game-design.css?v=1 HTTP/1.1" 200 -
::1 - - [09/Jun/2026 04:08:59] "GET /webapp/learning-design.css?v=2 HTTP/1.1" 200 -
::1 - - [09/Jun/2026 04:08:59] "GET /webapp/app.js?v=20250331 HTTP/1.1" 200 -
::1 - - [09/Jun/2026 04:08:59] "GET /webapp/%E4%BA%BA4.png HTTP/1.1" 200 -
::1 - - [09/Jun/2026 04:08:59] "GET /webapp/%E4%BA%BA5.png HTTP/1.1" 200 -
::1 - - [09/Jun/2026 04:08:59] "GET /webapp/%E4%BA%BA6.png HTTP/1.1" 200 -
::1 - - [09/Jun/2026 04:08:59] "GET /webapp/%E4%BA%BA7.png HTTP/1.1" 200 -
::1 - - [09/Jun/2026 04:08:59] "GET /webapp/%E4%BA%BA8.png HTTP/1.1" 200 -
::1 - - [09/Jun/2026 04:08:59] "GET /webapp/%E4%BA%BA9.png HTTP/1.1" 200 -
::1 - - [09/Jun/2026 04:08:59] "GET /webapp/%E9%81%B8%E6%93%87%E7%A8%8B%E5%BA%A6%E7%8D%85%E5%AD%90.png HTTP/1.1" 200 -
::1 - - [09/Jun/2026 04:08:59] "GET /webapp/icon-songs.png HTTP/1.1" 200 -
::1 - - [09/Jun/2026 04:08:59] "GET /webapp/icon-courseware.png HTTP/1.1" 200 -
::1 - - [09/Jun/2026 04:08:59] "GET /webapp/icon-poems.png HTTP/1.1" 200 -
::1 - - [09/Jun/2026 04:08:59] "GET /webapp/lion-level.png HTTP/1.1" 200 -
::1 - - [09/Jun/2026 04:08:59] "GET /webapp/%E8%AA%B2%E7%A8%8B%E4%BB%8B%E7%B4%B9%E9%A0%81%E6%8C%89%E9%88%95.png HTTP/1.1" 200 -
::1 - - [09/Jun/2026 04:09:01] "GET /webapp/%E8%AA%B2%E7%A8%8B%E4%BB%8B%E7%B4%B9%E9%A0%81/real_mouth.png HTTP/1.1" 200 -
::1 - - [09/Jun/2026 04:09:01] "GET /webapp/%E8%AA%B2%E7%A8%8B%E4%BB%8B%E7%B4%B9%E9%A0%81/real_eye.png HTTP/1.1" 200 -
::1 - - [09/Jun/2026 04:09:01] "GET /webapp/%E8%AA%B2%E7%A8%8B%E4%BB%8B%E7%B4%B9%E9%A0%81/real_foot.png HTTP/1.1" 200 -
::1 - - [09/Jun/2026 04:09:01] "GET /webapp/%E8%AA%B2%E7%A8%8B%E4%BB%8B%E7%B4%B9%E9%A0%81/real_head.png HTTP/1.1" 200 -
::1 - - [09/Jun/2026 04:09:01] "GET /webapp/%E8%AA%B2%E7%A8%8B%E4%BB%8B%E7%B4%B9%E9%A0%81/real_nose.png HTTP/1.1" 200 -
::1 - - [09/Jun/2026 04:09:01] "GET /webapp/%E8%AA%B2%E7%A8%8B%E4%BB%8B%E7%B4%B9%E9%A0%81/real_ear.png HTTP/1.1" 200 -
::1 - - [09/Jun/2026 04:09:01] "GET /webapp/%E8%AA%B2%E7%A8%8B%E4%BB%8B%E7%B4%B9%E9%A0%81/real_hand.png HTTP/1.1" 200 -
::1 - - [09/Jun/2026 04:09:46] "GET /webapp/%E8%AA%B2%E7%A8%8B%E4%BB%8B%E7%B4%B9%E9%A0%81/real_eye.png HTTP/1.1" 200 -
::1 - - [09/Jun/2026 04:09:46] "GET /webapp/%E8%AA%B2%E7%A8%8B%E4%BB%8B%E7%B4%B9%E9%A0%81/real_ear.png HTTP/1.1" 200 -
::1 - - [09/Jun/2026 04:09:46] "GET /webapp/%E8%AA%B2%E7%A8%8B%E4%BB%8B%E7%B4%B9%E9%A0%81/real_foot.png HTTP/1.1" 200 -
::1 - - [09/Jun/2026 04:09:46] "GET /webapp/%E8%AA%B2%E7%A8%8B%E4%BB%8B%E7%B4%B9%E9%A0%81/real_nose.png HTTP/1.1" 200 -
::1 - - [09/Jun/2026 04:09:46] "GET /webapp/%E8%AA%B2%E7%A8%8B%E4%BB%8B%E7%B4%B9%E9%A0%81/real_mouth.png HTTP/1.1" 200 -
::1 - - [09/Jun/2026 04:09:46] "GET /webapp/%E8%AA%B2%E7%A8%8B%E4%BB%8B%E7%B4%B9%E9%A0%81/real_head.png HTTP/1.1" 200 -
::1 - - [09/Jun/2026 04:09:46] "GET /webapp/%E8%AA%B2%E7%A8%8B%E4%BB%8B%E7%B4%B9%E9%A0%81/real_hand.png HTTP/1.1" 200 -
::1 - - [09/Jun/2026 04:12:31] "GET /webapp/index.html HTTP/1.1" 200 -
::1 - - [09/Jun/2026 04:12:32] "GET /webapp/new-design.css?v=27 HTTP/1.1" 200 -
::1 - - [09/Jun/2026 04:12:32] "GET /webapp/home-bg.png HTTP/1.1" 200 -
::1 - - [09/Jun/2026 04:12:32] "GET /webapp/page2-bg-new.png HTTP/1.1" 200 -
::1 - - [09/Jun/2026 04:12:32] "GET /webapp/%E4%BA%BA1.png HTTP/1.1" 200 -
::1 - - [09/Jun/2026 04:12:32] "GET /webapp/%E4%BA%BA2.png HTTP/1.1" 200 -
::1 - - [09/Jun/2026 04:12:32] "GET /webapp/%E4%BA%BA3.png HTTP/1.1" 200 -
::1 - - [09/Jun/2026 04:12:32] "GET /webapp/poems-design.css?v=8 HTTP/1.1" 200 -
::1 - - [09/Jun/2026 04:12:32] "GET /webapp/chapters-design.css?v=6 HTTP/1.1" 200 -
::1 - - [09/Jun/2026 04:12:32] "GET /webapp/cats-design.css?v=5 HTTP/1.1" 200 -
::1 - - [09/Jun/2026 04:12:32] "GET /webapp/levels-design.css?v=5 HTTP/1.1" 200 -
::1 - - [09/Jun/2026 04:12:32] "GET /webapp/songs-design.css?v=3 HTTP/1.1" 200 -
::1 - - [09/Jun/2026 04:12:32] "GET /webapp/learning-design.css?v=15 HTTP/1.1" 200 -
::1 - - [09/Jun/2026 04:12:32] "GET /webapp/intro-design.css?v=7 HTTP/1.1" 200 -
::1 - - [09/Jun/2026 04:12:32] "GET /webapp/quiz-design.css?v=1 HTTP/1.1" 200 -
::1 - - [09/Jun/2026 04:12:32] "GET /webapp/writing-design.css?v=1 HTTP/1.1" 200 -
::1 - - [09/Jun/2026 04:12:32] "GET /webapp/recognition-design.css?v=1 HTTP/1.1" 200 -
::1 - - [09/Jun/2026 04:12:32] "GET /webapp/story-design.css?v=1 HTTP/1.1" 200 -
::1 - - [09/Jun/2026 04:12:32] "GET /webapp/learning-design.css?v=2 HTTP/1.1" 200 -
::1 - - [09/Jun/2026 04:12:32] "GET /webapp/app.js?v=20250331 HTTP/1.1" 200 -
::1 - - [09/Jun/2026 04:12:32] "GET /webapp/game-design.css?v=1 HTTP/1.1" 200 -
::1 - - [09/Jun/2026 04:12:32] "GET /webapp/%E4%BA%BA4.png HTTP/1.1" 200 -
::1 - - [09/Jun/2026 04:12:32] "GET /webapp/%E4%BA%BA5.png HTTP/1.1" 200 -
::1 - - [09/Jun/2026 04:12:32] "GET /webapp/%E4%BA%BA6.png HTTP/1.1" 200 -
::1 - - [09/Jun/2026 04:12:32] "GET /webapp/%E4%BA%BA7.png HTTP/1.1" 200 -
::1 - - [09/Jun/2026 04:12:32] "GET /webapp/%E4%BA%BA8.png HTTP/1.1" 200 -
::1 - - [09/Jun/2026 04:12:32] "GET /webapp/%E9%81%B8%E6%93%87%E7%A8%8B%E5%BA%A6%E7%8D%85%E5%AD%90.png HTTP/1.1" 200 -
::1 - - [09/Jun/2026 04:12:32] "GET /webapp/icon-courseware.png HTTP/1.1" 200 -
::1 - - [09/Jun/2026 04:12:32] "GET /webapp/%E4%BA%BA9.png HTTP/1.1" 200 -
::1 - - [09/Jun/2026 04:12:32] "GET /webapp/icon-poems.png HTTP/1.1" 200 -
::1 - - [09/Jun/2026 04:12:32] "GET /webapp/icon-songs.png HTTP/1.1" 200 -
::1 - - [09/Jun/2026 04:12:32] "GET /webapp/lion-level.png HTTP/1.1" 200 -
::1 - - [09/Jun/2026 04:12:32] "GET /webapp/%E8%AA%B2%E7%A8%8B%E4%BB%8B%E7%B4%B9%E9%A0%81%E6%8C%89%E9%88%95.png HTTP/1.1" 200 -
::1 - - [09/Jun/2026 04:13:17] "GET /webapp/index.html HTTP/1.1" 200 -
::1 - - [09/Jun/2026 04:13:17] "GET /webapp/new-design.css?v=27 HTTP/1.1" 200 -
::1 - - [09/Jun/2026 04:13:17] "GET /webapp/home-bg.png HTTP/1.1" 200 -
::1 - - [09/Jun/2026 04:13:17] "GET /webapp/page2-bg-new.png HTTP/1.1" 200 -
::1 - - [09/Jun/2026 04:13:17] "GET /webapp/%E4%BA%BA2.png HTTP/1.1" 200 -
::1 - - [09/Jun/2026 04:13:17] "GET /webapp/%E4%BA%BA1.png HTTP/1.1" 200 -
::1 - - [09/Jun/2026 04:13:17] "GET /webapp/%E4%BA%BA3.png HTTP/1.1" 200 -
::1 - - [09/Jun/2026 04:13:17] "GET /webapp/levels-design.css?v=5 HTTP/1.1" 200 -
::1 - - [09/Jun/2026 04:13:17] "GET /webapp/poems-design.css?v=8 HTTP/1.1" 200 -
::1 - - [09/Jun/2026 04:13:17] "GET /webapp/cats-design.css?v=5 HTTP/1.1" 200 -
::1 - - [09/Jun/2026 04:13:17] "GET /webapp/songs-design.css?v=3 HTTP/1.1" 200 -
::1 - - [09/Jun/2026 04:13:17] "GET /webapp/intro-design.css?v=7 HTTP/1.1" 200 -
::1 - - [09/Jun/2026 04:13:17] "GET /webapp/chapters-design.css?v=6 HTTP/1.1" 200 -
::1 - - [09/Jun/2026 04:13:17] "GET /webapp/learning-design.css?v=15 HTTP/1.1" 200 -
::1 - - [09/Jun/2026 04:13:17] "GET /webapp/quiz-design.css?v=1 HTTP/1.1" 200 -
::1 - - [09/Jun/2026 04:13:17] "GET /webapp/recognition-design.css?v=1 HTTP/1.1" 200 -
::1 - - [09/Jun/2026 04:13:17] "GET /webapp/writing-design.css?v=1 HTTP/1.1" 200 -
::1 - - [09/Jun/2026 04:13:17] "GET /webapp/story-design.css?v=1 HTTP/1.1" 200 -
::1 - - [09/Jun/2026 04:13:17] "GET /webapp/game-design.css?v=1 HTTP/1.1" 200 -
::1 - - [09/Jun/2026 04:13:17] "GET /webapp/learning-design.css?v=2 HTTP/1.1" 200 -
::1 - - [09/Jun/2026 04:13:17] "GET /webapp/app.js?v=20250331 HTTP/1.1" 200 -
::1 - - [09/Jun/2026 04:13:17] "GET /webapp/%E4%BA%BA4.png HTTP/1.1" 200 -
::1 - - [09/Jun/2026 04:13:17] "GET /webapp/%E4%BA%BA5.png HTTP/1.1" 200 -
::1 - - [09/Jun/2026 04:13:17] "GET /webapp/%E4%BA%BA6.png HTTP/1.1" 200 -
::1 - - [09/Jun/2026 04:13:17] "GET /webapp/%E4%BA%BA7.png HTTP/1.1" 200 -
::1 - - [09/Jun/2026 04:13:17] "GET /webapp/%E4%BA%BA8.png HTTP/1.1" 200 -
::1 - - [09/Jun/2026 04:13:17] "GET /webapp/%E4%BA%BA9.png HTTP/1.1" 200 -
::1 - - [09/Jun/2026 04:13:17] "GET /webapp/%E9%81%B8%E6%93%87%E7%A8%8B%E5%BA%A6%E7%8D%85%E5%AD%90.png HTTP/1.1" 200 -
::1 - - [09/Jun/2026 04:13:17] "GET /webapp/icon-courseware.png HTTP/1.1" 200 -
::1 - - [09/Jun/2026 04:13:17] "GET /webapp/icon-songs.png HTTP/1.1" 200 -
::1 - - [09/Jun/2026 04:13:17] "GET /webapp/lion-level.png HTTP/1.1" 200 -
::1 - - [09/Jun/2026 04:13:17] "GET /webapp/icon-poems.png HTTP/1.1" 200 -
::1 - - [09/Jun/2026 04:13:17] "GET /webapp/%E8%AA%B2%E7%A8%8B%E4%BB%8B%E7%B4%B9%E9%A0%81%E6%8C%89%E9%88%95.png HTTP/1.1" 200 -
::1 - - [09/Jun/2026 04:13:34] "GET /webapp/index.html HTTP/1.1" 200 -
::1 - - [09/Jun/2026 04:13:34] "GET /webapp/home-bg.png HTTP/1.1" 200 -
::1 - - [09/Jun/2026 04:13:34] "GET /webapp/page2-bg-new.png HTTP/1.1" 200 -
::1 - - [09/Jun/2026 04:13:34] "GET /webapp/new-design.css?v=27 HTTP/1.1" 200 -
::1 - - [09/Jun/2026 04:13:34] "GET /webapp/%E4%BA%BA2.png HTTP/1.1" 200 -
::1 - - [09/Jun/2026 04:13:34] "GET /webapp/levels-design.css?v=5 HTTP/1.1" 200 -
::1 - - [09/Jun/2026 04:13:34] "GET /webapp/%E4%BA%BA3.png HTTP/1.1" 200 -
::1 - - [09/Jun/2026 04:13:34] "GET /webapp/%E4%BA%BA1.png HTTP/1.1" 200 -
::1 - - [09/Jun/2026 04:13:34] "GET /webapp/poems-design.css?v=8 HTTP/1.1" 200 -
::1 - - [09/Jun/2026 04:13:34] "GET /webapp/cats-design.css?v=5 HTTP/1.1" 200 -
::1 - - [09/Jun/2026 04:13:34] "GET /webapp/chapters-design.css?v=6 HTTP/1.1" 200 -
::1 - - [09/Jun/2026 04:13:34] "GET /webapp/songs-design.css?v=3 HTTP/1.1" 200 -
::1 - - [09/Jun/2026 04:13:34] "GET /webapp/intro-design.css?v=7 HTTP/1.1" 200 -
::1 - - [09/Jun/2026 04:13:34] "GET /webapp/learning-design.css?v=15 HTTP/1.1" 200 -
::1 - - [09/Jun/2026 04:13:34] "GET /webapp/quiz-design.css?v=1 HTTP/1.1" 200 -
::1 - - [09/Jun/2026 04:13:34] "GET /webapp/story-design.css?v=1 HTTP/1.1" 200 -
::1 - - [09/Jun/2026 04:13:34] "GET /webapp/recognition-design.css?v=1 HTTP/1.1" 200 -
::1 - - [09/Jun/2026 04:13:34] "GET /webapp/game-design.css?v=1 HTTP/1.1" 200 -
::1 - - [09/Jun/2026 04:13:34] "GET /webapp/writing-design.css?v=1 HTTP/1.1" 200 -
::1 - - [09/Jun/2026 04:13:34] "GET /webapp/app.js?v=20250331 HTTP/1.1" 200 -
::1 - - [09/Jun/2026 04:13:34] "GET /webapp/learning-design.css?v=2 HTTP/1.1" 200 -
::1 - - [09/Jun/2026 04:13:34] "GET /webapp/%E4%BA%BA4.png HTTP/1.1" 200 -
::1 - - [09/Jun/2026 04:13:34] "GET /webapp/%E4%BA%BA6.png HTTP/1.1" 200 -
::1 - - [09/Jun/2026 04:13:34] "GET /webapp/%E4%BA%BA7.png HTTP/1.1" 200 -
::1 - - [09/Jun/2026 04:13:34] "GET /webapp/%E4%BA%BA5.png HTTP/1.1" 200 -
::1 - - [09/Jun/2026 04:13:34] "GET /webapp/%E4%BA%BA8.png HTTP/1.1" 200 -
::1 - - [09/Jun/2026 04:13:34] "GET /webapp/%E9%81%B8%E6%93%87%E7%A8%8B%E5%BA%A6%E7%8D%85%E5%AD%90.png HTTP/1.1" 200 -
::1 - - [09/Jun/2026 04:13:34] "GET /webapp/icon-poems.png HTTP/1.1" 200 -
::1 - - [09/Jun/2026 04:13:34] "GET /webapp/icon-courseware.png HTTP/1.1" 200 -
::1 - - [09/Jun/2026 04:13:34] "GET /webapp/%E4%BA%BA9.png HTTP/1.1" 200 -
::1 - - [09/Jun/2026 04:13:34] "GET /webapp/lion-level.png HTTP/1.1" 200 -
::1 - - [09/Jun/2026 04:13:34] "GET /webapp/icon-songs.png HTTP/1.1" 200 -
::1 - - [09/Jun/2026 04:13:34] "GET /webapp/%E8%AA%B2%E7%A8%8B%E4%BB%8B%E7%B4%B9%E9%A0%81%E6%8C%89%E9%88%95.png HTTP/1.1" 200 -
::1 - - [09/Jun/2026 04:13:36] "GET /webapp/%E8%AA%B2%E7%A8%8B%E4%BB%8B%E7%B4%B9%E9%A0%81/real_hand.png HTTP/1.1" 200 -
::1 - - [09/Jun/2026 04:13:36] "GET /webapp/%E8%AA%B2%E7%A8%8B%E4%BB%8B%E7%B4%B9%E9%A0%81/real_head.png HTTP/1.1" 200 -
::1 - - [09/Jun/2026 04:13:36] "GET /webapp/%E8%AA%B2%E7%A8%8B%E4%BB%8B%E7%B4%B9%E9%A0%81/real_ear.png HTTP/1.1" 200 -
::1 - - [09/Jun/2026 04:13:36] "GET /webapp/%E8%AA%B2%E7%A8%8B%E4%BB%8B%E7%B4%B9%E9%A0%81/real_foot.png HTTP/1.1" 200 -
::1 - - [09/Jun/2026 04:13:36] "GET /webapp/%E8%AA%B2%E7%A8%8B%E4%BB%8B%E7%B4%B9%E9%A0%81/real_eye.png HTTP/1.1" 200 -
::1 - - [09/Jun/2026 04:13:36] "GET /webapp/%E8%AA%B2%E7%A8%8B%E4%BB%8B%E7%B4%B9%E9%A0%81/real_nose.png HTTP/1.1" 200 -
::1 - - [09/Jun/2026 04:13:36] "GET /webapp/%E8%AA%B2%E7%A8%8B%E4%BB%8B%E7%B4%B9%E9%A0%81/real_mouth.png HTTP/1.1" 200 -
::1 - - [09/Jun/2026 04:13:38] code 404, message File not found
::1 - - [09/Jun/2026 04:13:38] "GET /webapp/%E7%AC%AC%E5%85%AD%E9%A0%81/%E7%B7%B4%E7%BF%92%E5%AF%AB%E5%AD%97%E7%92%B0%E7%AF%80%E5%8D%A1%E7%89%87.png HTTP/1.1" 404 -
::1 - - [09/Jun/2026 04:14:08] "GET /webapp/index.html HTTP/1.1" 200 -
::1 - - [09/Jun/2026 04:14:08] "GET /webapp/new-design.css?v=27 HTTP/1.1" 200 -
::1 - - [09/Jun/2026 04:14:08] "GET /webapp/page2-bg-new.png HTTP/1.1" 200 -
::1 - - [09/Jun/2026 04:14:08] "GET /webapp/home-bg.png HTTP/1.1" 200 -
::1 - - [09/Jun/2026 04:14:08] "GET /webapp/%E4%BA%BA1.png HTTP/1.1" 200 -
::1 - - [09/Jun/2026 04:14:08] "GET /webapp/poems-design.css?v=8 HTTP/1.1" 200 -
::1 - - [09/Jun/2026 04:14:08] "GET /webapp/%E4%BA%BA2.png HTTP/1.1" 200 -
::1 - - [09/Jun/2026 04:14:08] "GET /webapp/levels-design.css?v=5 HTTP/1.1" 200 -
::1 - - [09/Jun/2026 04:14:08] "GET /webapp/cats-design.css?v=5 HTTP/1.1" 200 -
::1 - - [09/Jun/2026 04:14:08] "GET /webapp/songs-design.css?v=3 HTTP/1.1" 200 -
::1 - - [09/Jun/2026 04:14:08] "GET /webapp/%E4%BA%BA3.png HTTP/1.1" 200 -
::1 - - [09/Jun/2026 04:14:08] "GET /webapp/chapters-design.css?v=6 HTTP/1.1" 200 -
::1 - - [09/Jun/2026 04:14:08] "GET /webapp/intro-design.css?v=7 HTTP/1.1" 200 -
::1 - - [09/Jun/2026 04:14:08] "GET /webapp/learning-design.css?v=15 HTTP/1.1" 200 -
::1 - - [09/Jun/2026 04:14:08] "GET /webapp/quiz-design.css?v=1 HTTP/1.1" 200 -
::1 - - [09/Jun/2026 04:14:08] "GET /webapp/recognition-design.css?v=1 HTTP/1.1" 200 -
::1 - - [09/Jun/2026 04:14:08] "GET /webapp/writing-design.css?v=1 HTTP/1.1" 200 -
::1 - - [09/Jun/2026 04:14:08] "GET /webapp/story-design.css?v=1 HTTP/1.1" 200 -
::1 - - [09/Jun/2026 04:14:08] "GET /webapp/game-design.css?v=1 HTTP/1.1" 200 -
::1 - - [09/Jun/2026 04:14:08] "GET /webapp/learning-design.css?v=2 HTTP/1.1" 200 -
::1 - - [09/Jun/2026 04:14:08] "GET /webapp/app.js?v=20250331 HTTP/1.1" 200 -
::1 - - [09/Jun/2026 04:14:08] "GET /webapp/%E4%BA%BA4.png HTTP/1.1" 200 -
::1 - - [09/Jun/2026 04:14:08] "GET /webapp/%E4%BA%BA5.png HTTP/1.1" 200 -
::1 - - [09/Jun/2026 04:14:08] "GET /webapp/%E4%BA%BA6.png HTTP/1.1" 200 -
::1 - - [09/Jun/2026 04:14:08] "GET /webapp/%E4%BA%BA7.png HTTP/1.1" 200 -
::1 - - [09/Jun/2026 04:14:08] "GET /webapp/%E4%BA%BA8.png HTTP/1.1" 200 -
::1 - - [09/Jun/2026 04:14:08] "GET /webapp/%E9%81%B8%E6%93%87%E7%A8%8B%E5%BA%A6%E7%8D%85%E5%AD%90.png HTTP/1.1" 200 -
::1 - - [09/Jun/2026 04:14:08] "GET /webapp/%E4%BA%BA9.png HTTP/1.1" 200 -
::1 - - [09/Jun/2026 04:14:08] "GET /webapp/icon-courseware.png HTTP/1.1" 200 -
::1 - - [09/Jun/2026 04:14:08] "GET /webapp/icon-poems.png HTTP/1.1" 200 -
::1 - - [09/Jun/2026 04:14:08] "GET /webapp/icon-songs.png HTTP/1.1" 200 -
::1 - - [09/Jun/2026 04:14:08] "GET /webapp/lion-level.png HTTP/1.1" 200 -
::1 - - [09/Jun/2026 04:14:08] "GET /webapp/%E8%AA%B2%E7%A8%8B%E4%BB%8B%E7%B4%B9%E9%A0%81%E6%8C%89%E9%88%95.png HTTP/1.1" 200 -
::1 - - [09/Jun/2026 04:14:10] "GET /webapp/%E8%AA%B2%E7%A8%8B%E4%BB%8B%E7%B4%B9%E9%A0%81/real_head.png HTTP/1.1" 200 -
::1 - - [09/Jun/2026 04:14:10] "GET /webapp/%E8%AA%B2%E7%A8%8B%E4%BB%8B%E7%B4%B9%E9%A0%81/real_nose.png HTTP/1.1" 200 -
::1 - - [09/Jun/2026 04:14:10] "GET /webapp/%E8%AA%B2%E7%A8%8B%E4%BB%8B%E7%B4%B9%E9%A0%81/real_ear.png HTTP/1.1" 200 -
::1 - - [09/Jun/2026 04:14:10] "GET /webapp/%E8%AA%B2%E7%A8%8B%E4%BB%8B%E7%B4%B9%E9%A0%81/real_mouth.png HTTP/1.1" 200 -
::1 - - [09/Jun/2026 04:14:10] "GET /webapp/%E8%AA%B2%E7%A8%8B%E4%BB%8B%E7%B4%B9%E9%A0%81/real_eye.png HTTP/1.1" 200 -
::1 - - [09/Jun/2026 04:14:10] "GET /webapp/%E8%AA%B2%E7%A8%8B%E4%BB%8B%E7%B4%B9%E9%A0%81/real_hand.png HTTP/1.1" 200 -
::1 - - [09/Jun/2026 04:14:10] "GET /webapp/%E8%AA%B2%E7%A8%8B%E4%BB%8B%E7%B4%B9%E9%A0%81/real_foot.png HTTP/1.1" 200 -
::1 - - [09/Jun/2026 04:14:12] code 404, message File not found
::1 - - [09/Jun/2026 04:14:12] "GET /webapp/%E7%AC%AC%E5%85%AD%E9%A0%81/%E7%B7%B4%E7%BF%92%E5%AF%AB%E5%AD%97%E7%92%B0%E7%AF%80%E5%8D%A1%E7%89%87.png HTTP/1.1" 404 -
::1 - - [09/Jun/2026 04:37:51] "GET / HTTP/1.1" 200 -
::1 - - [09/Jun/2026 04:37:51] code 404, message File not found
::1 - - [09/Jun/2026 04:37:51] "GET /favicon.ico HTTP/1.1" 404 -
